// Jest Snapshot v1, https://goo.gl/fbAQLP

exports[`user queries user if user exist 1`] = `
{
  "body": {
    "kind": "single",
    "singleResult": {
      "data": {
        "user": {
          "email": "member@member.com",
          "firstName": "User",
          "lastName": "Test",
          "role": "MEMBER",
        },
      },
      "errors": undefined,
    },
  },
  "http": {
    "headers": Map {
      "cache-control" => "no-store",
    },
    "status": undefined,
  },
}
`;
