// Jest Snapshot v1, https://goo.gl/fbAQLP

exports[`tags queries tags, English 1`] = `
{
  "tags": [
    {
      "color": "#d1af33",
      "desc": "Tag 1 desc",
      "id": "tag1Id",
      "text": "Spanish Tag 1 text",
    },
    {
      "color": "#ee7777",
      "desc": "Tag 2 desc",
      "id": "tag2Id",
      "text": "English Tag 2 text",
    },
  ],
}
`;

exports[`tags queries tags, Spanish 1`] = `
{
  "tags": [
    {
      "color": "#d1af33",
      "desc": "Tag 1 desc",
      "id": "tag1Id",
      "text": "Spanish Tag 1 text",
    },
    {
      "color": "#ee7777",
      "desc": "Tag 2 desc",
      "id": "tag2Id",
      "text": "English Tag 2 text",
    },
  ],
}
`;
