// Jest Snapshot v1, https://goo.gl/fbAQLP

exports[`game queries games query 1`] = `
{
  "games": [
    {
      "desc": "Listen, Type, Master. Sharpen language skills through auditory engagement.",
      "id": "audio",
      "name": "WordEcho",
      "type": "AUDIO",
    },
    {
      "desc": "Define & Conquer.Match words with their meanings intuitively.",
      "id": "select_definition",
      "name": "LexiSense",
      "type": "SELECT_DEF",
    },
    {
      "desc": "Associate definitions with the right words. A captivating word puzzle adventure!",
      "id": "select_word",
      "name": "Definify: Match & Learn",
      "type": "SELECT_WORD",
    },
    {
      "desc": "Type words matching given definitions. Boost vocabulary in engaging rounds!",
      "id": "type_word",
      "name": "WordRecall: Define & Type",
      "type": "TYPE_WORD",
    },
    {
      "desc": "Identify objects from pictures and type their names to enhance vocabulary skills!",
      "id": "image",
      "name": "PictureWord Blitz",
      "type": "IMAGE",
    },
    {
      "desc": "Speak words from clues and images. Sharpen your vocabulary and speaking skills fast!",
      "id": "speaking",
      "name": "VoiceWord Challenge",
      "type": "SPEAKING",
    },
  ],
}
`;
