// Jest Snapshot v1, https://goo.gl/fbAQLP

exports[`game mutations safe game result 1`] = `
{
  "body": {
    "kind": "single",
    "singleResult": {
      "data": {
        "saveGameResult": "Game result saved",
      },
      "errors": undefined,
    },
  },
  "http": {
    "headers": Map {
      "cache-control" => "no-store",
    },
    "status": undefined,
  },
}
`;
