// Jest Snapshot v1, https://goo.gl/fbAQLP

exports[`word mutations delete word 1`] = `
{
  "body": {
    "kind": "single",
    "singleResult": {
      "data": {
        "deleteWord": "word with id deleteWordId was deleted",
      },
      "errors": undefined,
    },
  },
  "http": {
    "headers": Map {
      "cache-control" => "no-store",
    },
    "status": undefined,
  },
}
`;

exports[`word mutations update word 1`] = `
{
  "body": {
    "kind": "single",
    "singleResult": {
      "data": {
        "updateWord": {
          "additionalInfo": null,
          "audioUrl": null,
          "defs": [
            {
              "def": "{bc} a strong substance that stretches and that is made out of chemicals or from the juice of a tropical tree",
              "examples": null,
            },
            {
              "def": "{it}British{/it}",
              "examples": null,
            },
            {
              "def": "{b}{it}rubbers{/it}{/b} {it}US{/it}, {it}informal + old-fashioned{/it} {bc} shoes or boots that are made of rubber and that fit over your regular shoes to keep them dry",
              "examples": null,
            },
          ],
          "imgUrl": null,
          "isOffensive": null,
          "level": "B2",
          "name": "rubber",
          "particle": "noun",
          "shortDef": [
            "a thin, flexible loop that is made of rubber and used to hold things together â€”called also (US) elastic, elastic band",
          ],
          "stems": [
            "rubber",
            "rubbers",
            "burn rubber",
          ],
          "tags": null,
          "transcription": null,
          "user": "mockUserId",
          "uuid": "59e03286-73c9-43e6-b1eb-4407a6c06b1e",
        },
      },
      "errors": undefined,
    },
  },
  "http": {
    "headers": Map {
      "cache-control" => "no-store",
    },
    "status": undefined,
  },
}
`;
